I'm sorry, but errors were detected in your script. Please correct the
errors listed below, and try again.


File "game/script.rpy", line 84: Line is indented, but the preceding hide statement statement does not expect a block. Please check this line's indentation. You may have forgotten a colon (:).
    four "Welcome to the fourth labor. I'm Guanyin, Chinese Buddhist goddess of mercy."
    ^

Ren'Py Version: Ren'Py 8.4.1.25072401
Sun Nov 16 05:06:05 2025
